EPISTEMIC ABLATION  MC=8, T=40, m=6, beta_w sweep [0.0, 0.05, 0.1, 0.25, 0.5, 1.0, 2.0]
  N=441 (21x21), 2x2 lambda, K=3, M=10, n_rf=6, d_min=off, 15 dB, rho=0.9, beta_w=0.25
  beta_w=0 is rate-greedy (no AIF); beta_w=0.25 is the paper's point

  seed 0 (479s)  b=0/e=1: 14.92r/0.0s  b=0.05/e=1: 18.27r/0.0s  b=0.1/e=1: 18.17r/0.4s  b=0.25/e=1: 18.37r/6.6s  b=0.5/e=1: 17.77r/11.9s  b=1/e=1: 16.96r/12.0s  b=2/e=1: 16.41r/12.2s  b=0/e=4: 14.48r/0.0s  b=0.05/e=4: 18.27r/0.0s  b=0.1/e=4: 18.27r/0.0s  b=0.25/e=4: 18.27r/0.0s  b=0.5/e=4: 18.39r/0.7s  b=1/e=4: 18.23r/7.2s  b=2/e=4: 16.57r/12.0s
  seed 1 (959s)  b=0/e=1: 14.85r/0.0s  b=0.05/e=1: 17.84r/0.1s  b=0.1/e=1: 17.71r/0.9s  b=0.25/e=1: 18.54r/6.5s  b=0.5/e=1: 17.33r/11.9s  b=1/e=1: 16.88r/12.0s  b=2/e=1: 16.39r/12.1s  b=0/e=4: 13.26r/0.0s  b=0.05/e=4: 18.00r/0.0s  b=0.1/e=4: 18.00r/0.0s  b=0.25/e=4: 18.00r/0.0s  b=0.5/e=4: 18.61r/0.7s  b=1/e=4: 17.35r/7.5s  b=2/e=4: 16.83r/11.9s
  seed 2 (2288s)  b=0/e=1: 14.08r/0.0s  b=0.05/e=1: 17.77r/0.0s  b=0.1/e=1: 18.11r/0.2s  b=0.25/e=1: 18.18r/6.5s  b=0.5/e=1: 17.09r/11.7s  b=1/e=1: 16.78r/12.1s  b=2/e=1: 16.06r/12.4s  b=0/e=4: 14.08r/0.0s  b=0.05/e=4: 17.70r/0.0s  b=0.1/e=4: 17.70r/0.0s  b=0.25/e=4: 17.70r/0.0s  b=0.5/e=4: 18.00r/1.0s  b=1/e=4: 17.24r/7.4s  b=2/e=4: 16.17r/12.0s
  seed 3 (2881s)  b=0/e=1: 15.46r/0.1s  b=0.05/e=1: 18.44r/0.1s  b=0.1/e=1: 18.12r/0.1s  b=0.25/e=1: 18.91r/6.3s  b=0.5/e=1: 17.54r/11.9s  b=1/e=1: 17.12r/12.2s  b=2/e=1: 16.83r/12.1s  b=0/e=4: 14.49r/0.0s  b=0.05/e=4: 18.42r/0.0s  b=0.1/e=4: 18.42r/0.0s  b=0.25/e=4: 18.42r/0.0s  b=0.5/e=4: 18.60r/0.7s  b=1/e=4: 17.85r/7.5s  b=2/e=4: 16.88r/12.0s
  seed 4 (3343s)  b=0/e=1: 12.56r/0.0s  b=0.05/e=1: 18.42r/0.1s  b=0.1/e=1: 18.47r/0.3s  b=0.25/e=1: 18.62r/6.5s  b=0.5/e=1: 17.02r/11.9s  b=1/e=1: 16.73r/12.2s  b=2/e=1: 16.58r/12.2s  b=0/e=4: 12.56r/0.0s  b=0.05/e=4: 18.36r/0.0s  b=0.1/e=4: 18.36r/0.0s  b=0.25/e=4: 18.36r/0.0s  b=0.5/e=4: 17.93r/0.7s  b=1/e=4: 17.77r/6.8s  b=2/e=4: 16.07r/12.0s
  seed 5 (3803s)  b=0/e=1: 15.90r/0.0s  b=0.05/e=1: 17.93r/0.0s  b=0.1/e=1: 18.21r/0.2s  b=0.25/e=1: 18.89r/6.1s  b=0.5/e=1: 17.59r/11.7s  b=1/e=1: 16.88r/12.1s  b=2/e=1: 16.29r/12.3s  b=0/e=4: 15.90r/0.0s  b=0.05/e=4: 17.93r/0.0s  b=0.1/e=4: 17.93r/0.0s  b=0.25/e=4: 17.93r/0.0s  b=0.5/e=4: 18.67r/0.7s  b=1/e=4: 17.78r/7.2s  b=2/e=4: 16.70r/12.0s
  seed 6 (4278s)  b=0/e=1: 14.68r/0.1s  b=0.05/e=1: 17.95r/0.2s  b=0.1/e=1: 17.91r/0.3s  b=0.25/e=1: 18.34r/6.5s  b=0.5/e=1: 16.65r/12.0s  b=1/e=1: 16.14r/12.0s  b=2/e=1: 16.00r/12.5s  b=0/e=4: 12.27r/0.0s  b=0.05/e=4: 17.90r/0.0s  b=0.1/e=4: 17.90r/0.0s  b=0.25/e=4: 17.90r/0.0s  b=0.5/e=4: 17.67r/0.6s  b=1/e=4: 17.19r/7.3s  b=2/e=4: 16.56r/12.0s
  seed 7 (4756s)  b=0/e=1: 14.36r/0.3s  b=0.05/e=1: 17.52r/0.1s  b=0.1/e=1: 17.69r/0.3s  b=0.25/e=1: 18.15r/6.5s  b=0.5/e=1: 17.04r/12.0s  b=1/e=1: 16.50r/12.2s  b=2/e=1: 16.41r/12.2s  b=0/e=4: 12.66r/0.0s  b=0.05/e=4: 17.49r/0.0s  b=0.1/e=4: 17.49r/0.0s  b=0.25/e=4: 17.49r/0.0s  b=0.5/e=4: 18.29r/0.8s  b=1/e=4: 17.57r/7.4s  b=2/e=4: 16.25r/12.0s

  eta_sw = 1 (paper's point)
 beta_w |    rate |  sw/slot |  objective |  % genie |  Uglobal
  --------------------------------------------------------------
      0 |  14.603 |     0.06 |     14.540 |    66.0% |   0.7013   <- rate-greedy
   0.05 |  18.017 |     0.08 |     17.942 |    81.5% |   0.3597
    0.1 |  18.048 |     0.34 |     17.711 |    81.6% |   0.2964
   0.25 |  18.501 |     6.44 |     12.064 |    83.7% |   0.0293   <- paper
    0.5 |  17.255 |    11.88 |      5.380 |    78.0% |   0.0259
      1 |  16.748 |    12.10 |      4.648 |    75.7% |   0.0249
      2 |  16.371 |    12.25 |      4.121 |    74.0% |   0.0243

  eta_sw = 4 (switching equalised at ~0)
 beta_w |    rate |  sw/slot |  objective |  % genie |  Uglobal
  --------------------------------------------------------------
      0 |  13.713 |     0.00 |     13.713 |    62.0% |   0.7248   <- rate-greedy
   0.05 |  18.010 |     0.00 |     18.010 |    81.4% |   0.3744
    0.1 |  18.010 |     0.00 |     18.010 |    81.4% |   0.3744
   0.25 |  18.010 |     0.00 |     18.010 |    81.4% |   0.3744   <- paper
    0.5 |  18.269 |     0.74 |     15.319 |    82.6% |   0.1177
      1 |  17.623 |     7.29 |    -11.527 |    79.7% |   0.0242
      2 |  16.505 |    11.99 |    -31.445 |    74.6% |   0.0242

  genie: 22.116 b/s/Hz, 15.34 sw/slot

MATCHED-SWITCHING TEST (eta_sw = 4):
  rate-greedy  beta_w=0     : 13.713 b/s/Hz (62.0% genie), 0.00 sw/slot, Uglobal 0.7248
  epistemic    beta_w=0.05  : 18.010 b/s/Hz (81.4% genie), 0.00 sw/slot, Uglobal 0.3744
  => +4.297 b/s/Hz (+19.4 pts of genie) at equal switching; Uglobal 1.9x lower
  => the epistemic term is LOAD-BEARING: it buys rate, not just movement.

wrote C:\Users\kian\ACTIVEINF\Fluid-Antenna-x-Active-inference\results_tm\ablation_beta.json  (4756s)
