FIG-2 DATA  MC=8, T=40, fd=0.1, AR(4), m sweep [2, 4, 6, 8, 10]
  N=441 (21x21), 2x2 lambda, K=3, M=10, n_rf=6, d_min=off, 15 dB, rho=0.9, beta_w=0.25
  n_rf = 6 = 2K -> digital-exact threshold

  seed 0 done (314s)  m=2:8.95  m=4:14.40  m=6:18.37  m=8:20.05  m=10:20.47
  seed 1 done (650s)  m=2:9.42  m=4:15.81  m=6:18.54  m=8:19.78  m=10:20.14
  seed 2 done (1140s)  m=2:8.77  m=4:14.59  m=6:18.18  m=8:19.56  m=10:20.03
  seed 3 done (1625s)  m=2:9.48  m=4:15.03  m=6:18.91  m=8:20.01  m=10:20.44
  seed 4 done (2213s)  m=2:9.74  m=4:14.66  m=6:18.62  m=8:19.66  m=10:20.01
  seed 5 done (2514s)  m=2:10.38  m=4:14.86  m=6:18.89  m=8:19.91  m=10:20.37
  seed 6 done (2962s)  m=2:9.83  m=4:15.04  m=6:18.34  m=8:19.35  m=10:19.96
  seed 7 done (3397s)  m=2:10.62  m=4:14.51  m=6:18.15  m=8:19.36  m=10:19.85

   m |  pilots |    mean |    std |  % genie |  % of m=M
----------------------------------------------------------
   2 |     20% |   9.651 |  0.599 |    43.6% |     47.9%
   4 |     40% |  14.862 |  0.419 |    67.2% |     73.7%
   6 |     60% |  18.501 |  0.273 |    83.7% |     91.8%
   8 |     80% |  19.712 |  0.255 |    89.1% |     97.8%
  10 |    100% |  20.159 |  0.220 |    91.2% |    100.0%
genie |         |  22.116 |  0.190

wrote C:\Users\kian\ACTIVEINF\Fluid-Antenna-x-Active-inference\results_tm\fig2_table.json  (3397s)
